In file `rules/Monsters.txt`:
 Line 71: Can't find variant `Staff`
